  Determining projects to restore...
  All projects are up-to-date for restore.
C:\Users\quyka\source\repos\LibraryManager\Proejct\WPF-Staff-Admin\ViewModels\Categories\CategoryFormViewModel.cs(6,23): error CS0234: The type or namespace name 'Commands' does not exist in the namespace 'WPF_Staff_Admin' (are you missing an assembly reference?) [C:\Users\quyka\source\repos\LibraryManager\Proejct\WPF-Staff-Admin\WPF-Staff-Admin_rg5o2gdm_wpftmp.csproj]
C:\Users\quyka\source\repos\LibraryManager\Proejct\WPF-Staff-Admin\ViewModels\Categories\CategoryListViewModel.cs(10,23): error CS0234: The type or namespace name 'Commands' does not exist in the namespace 'WPF_Staff_Admin' (are you missing an assembly reference?) [C:\Users\quyka\source\repos\LibraryManager\Proejct\WPF-Staff-Admin\WPF-Staff-Admin_rg5o2gdm_wpftmp.csproj]
C:\Users\quyka\source\repos\LibraryManager\Proejct\WPF-Staff-Admin\ViewModels\Publishers\PublisherFormViewModel.cs(6,23): error CS0234: The type or namespace name 'Commands' does not exist in the namespace 'WPF_Staff_Admin' (are you missing an assembly reference?) [C:\Users\quyka\source\repos\LibraryManager\Proejct\WPF-Staff-Admin\WPF-Staff-Admin_rg5o2gdm_wpftmp.csproj]
C:\Users\quyka\source\repos\LibraryManager\Proejct\WPF-Staff-Admin\ViewModels\Publishers\PublisherListViewModel.cs(10,23): error CS0234: The type or namespace name 'Commands' does not exist in the namespace 'WPF_Staff_Admin' (are you missing an assembly reference?) [C:\Users\quyka\source\repos\LibraryManager\Proejct\WPF-Staff-Admin\WPF-Staff-Admin_rg5o2gdm_wpftmp.csproj]
C:\Users\quyka\source\repos\LibraryManager\Proejct\WPF-Staff-Admin\ViewModels\Categories\CategoryFormViewModel.cs(15,26): error CS0246: The type or namespace name 'IDialogService' could not be found (are you missing a using directive or an assembly reference?) [C:\Users\quyka\source\repos\LibraryManager\Proejct\WPF-Staff-Admin\WPF-Staff-Admin_rg5o2gdm_wpftmp.csproj]
C:\Users\quyka\source\repos\LibraryManager\Proejct\WPF-Staff-Admin\ViewModels\Categories\CategoryFormViewModel.cs(24,72): error CS0246: The type or namespace name 'IDialogService' could not be found (are you missing a using directive or an assembly reference?) [C:\Users\quyka\source\repos\LibraryManager\Proejct\WPF-Staff-Admin\WPF-Staff-Admin_rg5o2gdm_wpftmp.csproj]
C:\Users\quyka\source\repos\LibraryManager\Proejct\WPF-Staff-Admin\ViewModels\Categories\CategoryListViewModel.cs(20,26): error CS0246: The type or namespace name 'IDialogService' could not be found (are you missing a using directive or an assembly reference?) [C:\Users\quyka\source\repos\LibraryManager\Proejct\WPF-Staff-Admin\WPF-Staff-Admin_rg5o2gdm_wpftmp.csproj]
C:\Users\quyka\source\repos\LibraryManager\Proejct\WPF-Staff-Admin\ViewModels\Publishers\PublisherFormViewModel.cs(15,26): error CS0246: The type or namespace name 'IDialogService' could not be found (are you missing a using directive or an assembly reference?) [C:\Users\quyka\source\repos\LibraryManager\Proejct\WPF-Staff-Admin\WPF-Staff-Admin_rg5o2gdm_wpftmp.csproj]
C:\Users\quyka\source\repos\LibraryManager\Proejct\WPF-Staff-Admin\ViewModels\Categories\CategoryListViewModel.cs(30,72): error CS0246: The type or namespace name 'IDialogService' could not be found (are you missing a using directive or an assembly reference?) [C:\Users\quyka\source\repos\LibraryManager\Proejct\WPF-Staff-Admin\WPF-Staff-Admin_rg5o2gdm_wpftmp.csproj]
C:\Users\quyka\source\repos\LibraryManager\Proejct\WPF-Staff-Admin\ViewModels\Publishers\PublisherFormViewModel.cs(25,75): error CS0246: The type or namespace name 'IDialogService' could not be found (are you missing a using directive or an assembly reference?) [C:\Users\quyka\source\repos\LibraryManager\Proejct\WPF-Staff-Admin\WPF-Staff-Admin_rg5o2gdm_wpftmp.csproj]
C:\Users\quyka\source\repos\LibraryManager\Proejct\WPF-Staff-Admin\ViewModels\Publishers\PublisherListViewModel.cs(20,26): error CS0246: The type or namespace name 'IDialogService' could not be found (are you missing a using directive or an assembly reference?) [C:\Users\quyka\source\repos\LibraryManager\Proejct\WPF-Staff-Admin\WPF-Staff-Admin_rg5o2gdm_wpftmp.csproj]
C:\Users\quyka\source\repos\LibraryManager\Proejct\WPF-Staff-Admin\ViewModels\Publishers\PublisherListViewModel.cs(30,75): error CS0246: The type or namespace name 'IDialogService' could not be found (are you missing a using directive or an assembly reference?) [C:\Users\quyka\source\repos\LibraryManager\Proejct\WPF-Staff-Admin\WPF-Staff-Admin_rg5o2gdm_wpftmp.csproj]

Build FAILED.

C:\Users\quyka\source\repos\LibraryManager\Proejct\WPF-Staff-Admin\ViewModels\Categories\CategoryFormViewModel.cs(6,23): error CS0234: The type or namespace name 'Commands' does not exist in the namespace 'WPF_Staff_Admin' (are you missing an assembly reference?) [C:\Users\quyka\source\repos\LibraryManager\Proejct\WPF-Staff-Admin\WPF-Staff-Admin_rg5o2gdm_wpftmp.csproj]
C:\Users\quyka\source\repos\LibraryManager\Proejct\WPF-Staff-Admin\ViewModels\Categories\CategoryListViewModel.cs(10,23): error CS0234: The type or namespace name 'Commands' does not exist in the namespace 'WPF_Staff_Admin' (are you missing an assembly reference?) [C:\Users\quyka\source\repos\LibraryManager\Proejct\WPF-Staff-Admin\WPF-Staff-Admin_rg5o2gdm_wpftmp.csproj]
C:\Users\quyka\source\repos\LibraryManager\Proejct\WPF-Staff-Admin\ViewModels\Publishers\PublisherFormViewModel.cs(6,23): error CS0234: The type or namespace name 'Commands' does not exist in the namespace 'WPF_Staff_Admin' (are you missing an assembly reference?) [C:\Users\quyka\source\repos\LibraryManager\Proejct\WPF-Staff-Admin\WPF-Staff-Admin_rg5o2gdm_wpftmp.csproj]
C:\Users\quyka\source\repos\LibraryManager\Proejct\WPF-Staff-Admin\ViewModels\Publishers\PublisherListViewModel.cs(10,23): error CS0234: The type or namespace name 'Commands' does not exist in the namespace 'WPF_Staff_Admin' (are you missing an assembly reference?) [C:\Users\quyka\source\repos\LibraryManager\Proejct\WPF-Staff-Admin\WPF-Staff-Admin_rg5o2gdm_wpftmp.csproj]
C:\Users\quyka\source\repos\LibraryManager\Proejct\WPF-Staff-Admin\ViewModels\Categories\CategoryFormViewModel.cs(15,26): error CS0246: The type or namespace name 'IDialogService' could not be found (are you missing a using directive or an assembly reference?) [C:\Users\quyka\source\repos\LibraryManager\Proejct\WPF-Staff-Admin\WPF-Staff-Admin_rg5o2gdm_wpftmp.csproj]
C:\Users\quyka\source\repos\LibraryManager\Proejct\WPF-Staff-Admin\ViewModels\Categories\CategoryFormViewModel.cs(24,72): error CS0246: The type or namespace name 'IDialogService' could not be found (are you missing a using directive or an assembly reference?) [C:\Users\quyka\source\repos\LibraryManager\Proejct\WPF-Staff-Admin\WPF-Staff-Admin_rg5o2gdm_wpftmp.csproj]
C:\Users\quyka\source\repos\LibraryManager\Proejct\WPF-Staff-Admin\ViewModels\Categories\CategoryListViewModel.cs(20,26): error CS0246: The type or namespace name 'IDialogService' could not be found (are you missing a using directive or an assembly reference?) [C:\Users\quyka\source\repos\LibraryManager\Proejct\WPF-Staff-Admin\WPF-Staff-Admin_rg5o2gdm_wpftmp.csproj]
C:\Users\quyka\source\repos\LibraryManager\Proejct\WPF-Staff-Admin\ViewModels\Publishers\PublisherFormViewModel.cs(15,26): error CS0246: The type or namespace name 'IDialogService' could not be found (are you missing a using directive or an assembly reference?) [C:\Users\quyka\source\repos\LibraryManager\Proejct\WPF-Staff-Admin\WPF-Staff-Admin_rg5o2gdm_wpftmp.csproj]
C:\Users\quyka\source\repos\LibraryManager\Proejct\WPF-Staff-Admin\ViewModels\Categories\CategoryListViewModel.cs(30,72): error CS0246: The type or namespace name 'IDialogService' could not be found (are you missing a using directive or an assembly reference?) [C:\Users\quyka\source\repos\LibraryManager\Proejct\WPF-Staff-Admin\WPF-Staff-Admin_rg5o2gdm_wpftmp.csproj]
C:\Users\quyka\source\repos\LibraryManager\Proejct\WPF-Staff-Admin\ViewModels\Publishers\PublisherFormViewModel.cs(25,75): error CS0246: The type or namespace name 'IDialogService' could not be found (are you missing a using directive or an assembly reference?) [C:\Users\quyka\source\repos\LibraryManager\Proejct\WPF-Staff-Admin\WPF-Staff-Admin_rg5o2gdm_wpftmp.csproj]
C:\Users\quyka\source\repos\LibraryManager\Proejct\WPF-Staff-Admin\ViewModels\Publishers\PublisherListViewModel.cs(20,26): error CS0246: The type or namespace name 'IDialogService' could not be found (are you missing a using directive or an assembly reference?) [C:\Users\quyka\source\repos\LibraryManager\Proejct\WPF-Staff-Admin\WPF-Staff-Admin_rg5o2gdm_wpftmp.csproj]
C:\Users\quyka\source\repos\LibraryManager\Proejct\WPF-Staff-Admin\ViewModels\Publishers\PublisherListViewModel.cs(30,75): error CS0246: The type or namespace name 'IDialogService' could not be found (are you missing a using directive or an assembly reference?) [C:\Users\quyka\source\repos\LibraryManager\Proejct\WPF-Staff-Admin\WPF-Staff-Admin_rg5o2gdm_wpftmp.csproj]
    0 Warning(s)
    12 Error(s)

Time Elapsed 00:00:01.84
