  Determining projects to restore...
  All projects are up-to-date for restore.
c:\Users\quyka\source\repos\LibraryManager\Proejct\WPF-Staff-Admin\App.xaml.cs(57,43): error CS0246: The type or namespace name 'IHttpClientFactory' could not be found (are you missing a using directive or an assembly reference?) [c:\Users\quyka\source\repos\LibraryManager\Proejct\WPF-Staff-Admin\WPF-Staff-Admin_4qnlv5rn_wpftmp.csproj]
c:\Users\quyka\source\repos\LibraryManager\Proejct\WPF-Staff-Admin\App.xaml.cs(63,43): error CS0246: The type or namespace name 'IHttpClientFactory' could not be found (are you missing a using directive or an assembly reference?) [c:\Users\quyka\source\repos\LibraryManager\Proejct\WPF-Staff-Admin\WPF-Staff-Admin_4qnlv5rn_wpftmp.csproj]
c:\Users\quyka\source\repos\LibraryManager\Proejct\WPF-Staff-Admin\App.xaml.cs(69,43): error CS0246: The type or namespace name 'IHttpClientFactory' could not be found (are you missing a using directive or an assembly reference?) [c:\Users\quyka\source\repos\LibraryManager\Proejct\WPF-Staff-Admin\WPF-Staff-Admin_4qnlv5rn_wpftmp.csproj]
c:\Users\quyka\source\repos\LibraryManager\Proejct\WPF-Staff-Admin\App.xaml.cs(75,43): error CS0246: The type or namespace name 'IHttpClientFactory' could not be found (are you missing a using directive or an assembly reference?) [c:\Users\quyka\source\repos\LibraryManager\Proejct\WPF-Staff-Admin\WPF-Staff-Admin_4qnlv5rn_wpftmp.csproj]
c:\Users\quyka\source\repos\LibraryManager\Proejct\WPF-Staff-Admin\ViewModels\Borrowing\BorrowingListViewModel.cs(28,16): warning CS8618: Non-nullable field '_borrowingService' must contain a non-null value when exiting constructor. Consider adding the 'required' modifier or declaring the field as nullable. [c:\Users\quyka\source\repos\LibraryManager\Proejct\WPF-Staff-Admin\WPF-Staff-Admin_4qnlv5rn_wpftmp.csproj]
c:\Users\quyka\source\repos\LibraryManager\Proejct\WPF-Staff-Admin\ViewModels\Borrowing\BorrowingListViewModel.cs(28,16): warning CS8618: Non-nullable field '_dialogService' must contain a non-null value when exiting constructor. Consider adding the 'required' modifier or declaring the field as nullable. [c:\Users\quyka\source\repos\LibraryManager\Proejct\WPF-Staff-Admin\WPF-Staff-Admin_4qnlv5rn_wpftmp.csproj]
c:\Users\quyka\source\repos\LibraryManager\Proejct\WPF-Staff-Admin\ViewModels\Borrowing\BorrowingListViewModel.cs(28,16): warning CS8618: Non-nullable field '_authService' must contain a non-null value when exiting constructor. Consider adding the 'required' modifier or declaring the field as nullable. [c:\Users\quyka\source\repos\LibraryManager\Proejct\WPF-Staff-Admin\WPF-Staff-Admin_4qnlv5rn_wpftmp.csproj]
c:\Users\quyka\source\repos\LibraryManager\Proejct\WPF-Staff-Admin\ViewModels\Borrowing\BorrowingListViewModel.cs(339,28): warning CS1998: This async method lacks 'await' operators and will run synchronously. Consider using the 'await' operator to await non-blocking API calls, or 'await Task.Run(...)' to do CPU-bound work on a background thread. [c:\Users\quyka\source\repos\LibraryManager\Proejct\WPF-Staff-Admin\WPF-Staff-Admin_4qnlv5rn_wpftmp.csproj]

Build FAILED.

c:\Users\quyka\source\repos\LibraryManager\Proejct\WPF-Staff-Admin\ViewModels\Borrowing\BorrowingListViewModel.cs(28,16): warning CS8618: Non-nullable field '_borrowingService' must contain a non-null value when exiting constructor. Consider adding the 'required' modifier or declaring the field as nullable. [c:\Users\quyka\source\repos\LibraryManager\Proejct\WPF-Staff-Admin\WPF-Staff-Admin_4qnlv5rn_wpftmp.csproj]
c:\Users\quyka\source\repos\LibraryManager\Proejct\WPF-Staff-Admin\ViewModels\Borrowing\BorrowingListViewModel.cs(28,16): warning CS8618: Non-nullable field '_dialogService' must contain a non-null value when exiting constructor. Consider adding the 'required' modifier or declaring the field as nullable. [c:\Users\quyka\source\repos\LibraryManager\Proejct\WPF-Staff-Admin\WPF-Staff-Admin_4qnlv5rn_wpftmp.csproj]
c:\Users\quyka\source\repos\LibraryManager\Proejct\WPF-Staff-Admin\ViewModels\Borrowing\BorrowingListViewModel.cs(28,16): warning CS8618: Non-nullable field '_authService' must contain a non-null value when exiting constructor. Consider adding the 'required' modifier or declaring the field as nullable. [c:\Users\quyka\source\repos\LibraryManager\Proejct\WPF-Staff-Admin\WPF-Staff-Admin_4qnlv5rn_wpftmp.csproj]
c:\Users\quyka\source\repos\LibraryManager\Proejct\WPF-Staff-Admin\ViewModels\Borrowing\BorrowingListViewModel.cs(339,28): warning CS1998: This async method lacks 'await' operators and will run synchronously. Consider using the 'await' operator to await non-blocking API calls, or 'await Task.Run(...)' to do CPU-bound work on a background thread. [c:\Users\quyka\source\repos\LibraryManager\Proejct\WPF-Staff-Admin\WPF-Staff-Admin_4qnlv5rn_wpftmp.csproj]
c:\Users\quyka\source\repos\LibraryManager\Proejct\WPF-Staff-Admin\App.xaml.cs(57,43): error CS0246: The type or namespace name 'IHttpClientFactory' could not be found (are you missing a using directive or an assembly reference?) [c:\Users\quyka\source\repos\LibraryManager\Proejct\WPF-Staff-Admin\WPF-Staff-Admin_4qnlv5rn_wpftmp.csproj]
c:\Users\quyka\source\repos\LibraryManager\Proejct\WPF-Staff-Admin\App.xaml.cs(63,43): error CS0246: The type or namespace name 'IHttpClientFactory' could not be found (are you missing a using directive or an assembly reference?) [c:\Users\quyka\source\repos\LibraryManager\Proejct\WPF-Staff-Admin\WPF-Staff-Admin_4qnlv5rn_wpftmp.csproj]
c:\Users\quyka\source\repos\LibraryManager\Proejct\WPF-Staff-Admin\App.xaml.cs(69,43): error CS0246: The type or namespace name 'IHttpClientFactory' could not be found (are you missing a using directive or an assembly reference?) [c:\Users\quyka\source\repos\LibraryManager\Proejct\WPF-Staff-Admin\WPF-Staff-Admin_4qnlv5rn_wpftmp.csproj]
c:\Users\quyka\source\repos\LibraryManager\Proejct\WPF-Staff-Admin\App.xaml.cs(75,43): error CS0246: The type or namespace name 'IHttpClientFactory' could not be found (are you missing a using directive or an assembly reference?) [c:\Users\quyka\source\repos\LibraryManager\Proejct\WPF-Staff-Admin\WPF-Staff-Admin_4qnlv5rn_wpftmp.csproj]
    4 Warning(s)
    4 Error(s)

Time Elapsed 00:00:02.16
